<html>
<body>
<pre>
<h1>µVision Build Log</h1>
<h2>Tool Versions:</h2>
IDE-Version: ¦ÌVision V5.38.0.0
Copyright (C) 2022 ARM Ltd and ARM Germany GmbH. All rights reserved.
License Information: 1 123, 123, LIC=7YKYW-QB9C5-KUE4L-0WSIE-XARNF-MJDIK
 
Tool Versions:
Toolchain:       MDK-ARM Professional  Version: 5.38.0.0
Toolchain Path:  C:\Keil_v5\ARM\ARMCLANG\Bin
C Compiler:      ArmClang.exe V6.19
Assembler:       Armasm.exe V6.19
Linker/Locator:  ArmLink.exe V6.19
Library Manager: ArmAr.exe V6.19
Hex Converter:   FromElf.exe V6.19
CPU DLL:         SARMCM3.DLL V5.38.0.0
Dialog DLL:      DCM.DLL V1.17.5.0
Target DLL:      Segger\JL2CM3.dll V2.99.42.0
Dialog DLL:      TCM.DLL V1.56.4.0
 
<h2>Project:</h2>
C:\Users\zjjhg\Desktop\STM32F411_LGVL_Keil\MDK-ARM\LGVL_Keil.uvprojx
Project File Date:  10/04/2023

<h2>Output:</h2>
*** Using Compiler 'V6.19', folder: 'C:\Keil_v5\ARM\ARMCLANG\Bin'
Build target 'LGVL_Keil'
compiling lcd.c...
compiling lcd_init.c...
compiling lv_port_disp_template.c...
linking...
Program Size: Code=214024 RO-data=104740 RW-data=2088 ZI-data=104960  
FromELF: creating hex file...
"LGVL_Keil\LGVL_Keil.axf" - 0 Error(s), 0 Warning(s).

<h2>Software Packages used:</h2>

Package Vendor: ARM
                http://www.keil.com/pack/ARM.CMSIS.5.9.0.pack
                ARM.CMSIS.5.9.0
                CMSIS (Common Microcontroller Software Interface Standard)
   * Component: CORE Version: 5.6.0

Package Vendor: LVGL
                https://raw.githubusercontent.com/lvgl/lvgl/master/env_support/cmsis-pack/LVGL.lvgl.8.3.6.pack
                LVGL.lvgl.8.3.6
                LVGL (Light and Versatile Graphics Library) is a free and open-source graphics library providing everything you need to create an embedded GUI with easy-to-use graphical elements, beautiful visual effects and a low memory footprint.
   * Component: Benchmark Version: 8.3.6
   * Component: Essential Version: 8.3.6
   * Component: Extra Themes Version: 8.3.6
   * Component: Porting Version: 8.3.6

Package Vendor: Keil
                https://www.keil.com/pack/Keil.STM32F4xx_DFP.2.17.1.pack
                Keil.STM32F4xx_DFP.2.17.1
                STMicroelectronics STM32F4 Series Device Support, Drivers and Examples

<h2>Collection of Component include folders:</h2>
  ./RTE/LVGL
  ./RTE/_LGVL_Keil
  C:/Users/zjjhg/AppData/Local/Arm/Packs/ARM/CMSIS/5.9.0/CMSIS/Core/Include
  C:/Users/zjjhg/AppData/Local/Arm/Packs/Keil/STM32F4xx_DFP/2.17.1/Drivers/CMSIS/Device/ST/STM32F4xx/Include
  C:/Users/zjjhg/AppData/Local/Arm/Packs/LVGL/lvgl/8.3.6
  C:/Users/zjjhg/AppData/Local/Arm/Packs/LVGL/lvgl/8.3.6/demos/benchmark

<h2>Collection of Component Files used:</h2>

   * Component: ARM::CMSIS:CORE:5.6.0
      Include file:  CMSIS/Core/Include/tz_context.h

   * Component: LVGL.LVGL::LVGL:lvgl:Benchmark:8.3.6
      Include file:  demos/benchmark/lv_demo_benchmark.h
      Source file:   demos/benchmark/lv_demo_benchmark.c
      Source file:   demos/benchmark/assets/img_benchmark_cogwheel_chroma_keyed.c
      Source file:   demos/benchmark/assets/img_benchmark_cogwheel_rgb565a8.c
      Source file:   demos/benchmark/assets/lv_font_bechmark_montserrat_28_compr_az.c.c
      Source file:   demos/benchmark/assets/img_benchmark_cogwheel_indexed16.c
      Source file:   demos/benchmark/assets/img_benchmark_cogwheel_argb.c
      Source file:   demos/benchmark/assets/lv_font_bechmark_montserrat_16_compr_az.c.c
      Source file:   demos/benchmark/assets/img_benchmark_cogwheel_alpha16.c
      Source file:   demos/benchmark/assets/img_benchmark_cogwheel_rgb.c
      Source file:   demos/benchmark/assets/lv_font_bechmark_montserrat_12_compr_az.c.c

   * Component: LVGL.LVGL::LVGL:lvgl:Essential:8.3.6
      Source file:   src/draw/lv_draw.c
      Source file:   src/draw/lv_draw_arc.c
      Source file:   src/draw/lv_draw_img.c
      Source file:   src/core/lv_event.c
      Source file:   src/core/lv_indev.c
      Source file:   src/core/lv_group.c
      Source file:   src/core/lv_obj_class.c
      Source file:   src/core/lv_obj_pos.c
      Source file:   src/core/lv_obj_scroll.c
      Source file:   src/core/lv_obj_draw.c
      Source file:   src/core/lv_obj_style.c
      Source file:   src/core/lv_obj.c
      Source file:   src/core/lv_obj_style_gen.c
      Source file:   src/core/lv_indev_scroll.c
      Source file:   src/core/lv_obj_tree.c
      Source file:   src/core/lv_refr.c
      Source file:   src/core/lv_theme.c
      Source file:   src/core/lv_disp.c
      Source file:   src/font/lv_font.c
      Source file:   src/draw/lv_draw_layer.c
      Source file:   src/draw/lv_draw_rect.c
      Source file:   src/draw/sw/lv_draw_sw_polygon.c
      Source file:   src/draw/sw/lv_draw_sw_gradient.c
      Source file:   src/draw/lv_img_cache.c
      Source file:   src/draw/sw/lv_draw_sw.c
      Source file:   src/font/lv_font_dejavu_16_persian_hebrew.c
      Source file:   src/font/lv_font_fmt_txt.c
      Source file:   src/draw/lv_img_buf.c
      Source file:   src/draw/sw/lv_draw_sw_blend.c
      Source file:   src/draw/lv_draw_label.c
      Source file:   src/draw/lv_draw_transform.c
      Source file:   src/draw/sw/lv_draw_sw_transform.c
      Source file:   src/font/lv_font_loader.c
      Source file:   src/draw/sw/lv_draw_sw_dither.c
      Source file:   src/font/lv_font_montserrat_8.c
      Source file:   src/font/lv_font_montserrat_12.c
      Source file:   src/font/lv_font_montserrat_12_subpx.c
      Source file:   src/draw/sw/lv_draw_sw_rect.c
      Source file:   src/draw/sw/lv_draw_sw_img.c
      Source file:   src/font/lv_font_montserrat_10.c
      Source file:   src/draw/lv_draw_triangle.c
      Source file:   src/font/lv_font_montserrat_14.c
      Source file:   src/font/lv_font_montserrat_16.c
      Source file:   src/draw/lv_img_decoder.c
      Source file:   src/draw/lv_draw_line.c
      Source file:   src/draw/lv_draw_mask.c
      Source file:   src/draw/sw/lv_draw_sw_arc.c
      Source file:   src/draw/sw/lv_draw_sw_layer.c
      Source file:   src/draw/sw/lv_draw_sw_letter.c
      Source file:   src/draw/sw/lv_draw_sw_line.c
      Source file:   src/font/lv_font_montserrat_38.c
      Source file:   src/font/lv_font_montserrat_26.c
      Source file:   src/font/lv_font_montserrat_46.c
      Source file:   src/misc/lv_ll.c
      Source file:   src/font/lv_font_montserrat_18.c
      Source file:   src/font/lv_font_montserrat_24.c
      Source file:   src/font/lv_font_montserrat_36.c
      Source file:   src/font/lv_font_montserrat_30.c
      Source file:   src/font/lv_font_montserrat_32.c
      Source file:   src/font/lv_font_montserrat_42.c
      Source file:   src/font/lv_font_unscii_8.c
      Source file:   src/hal/lv_hal_disp.c
      Source file:   src/font/lv_font_montserrat_28_compressed.c
      Source file:   src/font/lv_font_montserrat_40.c
      Source file:   src/font/lv_font_unscii_16.c
      Source file:   src/hal/lv_hal_indev.c
      Source file:   src/font/lv_font_montserrat_48.c
      Source file:   src/misc/lv_anim.c
      Source file:   src/font/lv_font_montserrat_34.c
      Source file:   src/font/lv_font_montserrat_44.c
      Source file:   src/misc/lv_bidi.c
      Source file:   src/font/lv_font_montserrat_22.c
      Source file:   src/font/lv_font_simsun_16_cjk.c
      Source file:   src/misc/lv_anim_timeline.c
      Source file:   src/misc/lv_color.c
      Source file:   src/misc/lv_async.c
      Source file:   src/font/lv_font_montserrat_20.c
      Source file:   src/misc/lv_area.c
      Source file:   src/font/lv_font_montserrat_28.c
      Source file:   src/hal/lv_hal_tick.c
      Source file:   src/misc/lv_fs.c
      Source file:   src/misc/lv_gc.c
      Source file:   src/misc/lv_math.c
      Source file:   src/misc/lv_mem.c
      Source file:   src/misc/lv_tlsf.c
      Source file:   src/widgets/lv_dropdown.c
      Source file:   src/misc/lv_style.c
      Source file:   src/widgets/lv_arc.c
      Source file:   src/widgets/lv_canvas.c
      Source file:   src/misc/lv_printf.c
      Source file:   src/widgets/lv_slider.c
      Source file:   src/widgets/lv_table.c
      Source file:   src/widgets/lv_line.c
      Source file:   lv_cmsis_pack.c
      Source file:   src/misc/lv_txt_ap.c
      Source file:   src/misc/lv_timer.c
      Source file:   src/widgets/lv_bar.c
      Source file:   src/widgets/lv_textarea.c
      Source file:   src/misc/lv_lru.c
      Source file:   src/widgets/lv_img.c
      Include file:  lvgl.h
      Source file:   src/widgets/lv_checkbox.c
      Source file:   src/widgets/lv_roller.c
      Source file:   src/misc/lv_templ.c
      Source file:   src/widgets/lv_label.c
      Source file:   src/widgets/lv_switch.c
      Source file:   src/widgets/lv_btn.c
      Source file:   src/widgets/lv_btnmatrix.c
      Source file:   src/misc/lv_style_gen.c
      Source file:   src/misc/lv_txt.c
      Source file:   src/misc/lv_utils.c
      Source file:   src/widgets/lv_objx_templ.c
      Source file:   src/misc/lv_log.c
      Source file:   examples/porting/lv_port_indev_template.c
      Source file:   examples/porting/lv_port_fs_template.c
      Include file:  examples/porting/lv_port_disp_template.h
      Include file:  examples/porting/lv_port_indev_template.h
      Include file:  examples/porting/lv_port_fs_template.h
      Source file:   examples/porting/lv_port_disp_template.c

   * Component: LVGL.LVGL::LVGL:lvgl:Extra Themes:8.3.6
      Source file:   src/extra/widgets/calendar/lv_calendar.c
      Source file:   src/extra/widgets/animimg/lv_animimg.c
      Source file:   src/extra/widgets/chart/lv_chart.c
      Source file:   src/extra/widgets/calendar/lv_calendar_header_dropdown.c
      Source file:   src/extra/widgets/imgbtn/lv_imgbtn.c
      Source file:   src/extra/lv_extra.c
      Source file:   src/extra/widgets/list/lv_list.c
      Source file:   src/extra/widgets/colorwheel/lv_colorwheel.c
      Source file:   src/extra/themes/mono/lv_theme_mono.c
      Source file:   src/extra/widgets/menu/lv_menu.c
      Source file:   src/extra/widgets/meter/lv_meter.c
      Source file:   src/extra/widgets/calendar/lv_calendar_header_arrow.c
      Source file:   src/extra/themes/default/lv_theme_default.c
      Source file:   src/extra/widgets/msgbox/lv_msgbox.c
      Source file:   src/extra/widgets/span/lv_span.c
      Source file:   src/extra/widgets/spinbox/lv_spinbox.c
      Source file:   src/extra/widgets/keyboard/lv_keyboard.c
      Source file:   src/extra/widgets/spinner/lv_spinner.c
      Source file:   src/extra/widgets/tabview/lv_tabview.c
      Source file:   src/extra/widgets/tileview/lv_tileview.c
      Source file:   src/extra/widgets/led/lv_led.c
      Source file:   src/extra/themes/basic/lv_theme_basic.c
      Source file:   src/extra/widgets/win/lv_win.c
      Source file:   src/extra/layouts/flex/lv_flex.c
      Source file:   src/extra/layouts/grid/lv_grid.c

   * Component: LVGL.LVGL::LVGL:lvgl:Porting:8.3.6
      Include file:  examples/porting/lv_port_indev_template.h
      Source file:   examples/porting/lv_port_indev_template.c
      Include file:  examples/porting/lv_port_fs_template.h
      Source file:   examples/porting/lv_port_disp_template.c
      Include file:  examples/porting/lv_port_disp_template.h
      Source file:   examples/porting/lv_port_fs_template.c
Build Time Elapsed:  00:00:02
</pre>
</body>
</html>
